$ cd /workspace/shadcn-ui
$ mkdir -p src/components/layout src/components/common src/components/home src/components/auth src/components/dashboard src/pages src/services src/utils src/hooks src/assets public/assets

$ pnpm add framer-motion axios react-icons

Progress: resolved 1, reused 0, downloaded 0, added 0
Progress: resolved 35, reused 32, downloaded 0, added 0
Progress: resolved 192, reused 188, downloaded 1, added 0
Progress: resolved 430, reused 416, downloaded 5, added 0
Progress: resolved 526, reused 438, downloaded 13, added 0
Packages: +15
+++++++++++++++
Progress: resolved 526, reused 438, downloaded 15, added 11
Progress: resolved 526, reused 438, downloaded 15, added 15, done

dependencies:
+ axios 1.10.0
+ framer-motion 12.23.6
+ react-icons 5.5.0

Done in 8.2s
$ mkdir -p public/assets

$ pnpm run lint


> shadcnui@ lint /workspace/shadcn-ui
> eslint --quiet ./src


/workspace/shadcn-ui/src/components/auth/LoginForm.tsx
  66:19  error  Unexpected any. Specify a different type  @typescript-eslint/no-explicit-any

/workspace/shadcn-ui/src/components/auth/RegistrationForm.tsx
  69:19  error  Unexpected any. Specify a different type  @typescript-eslint/no-explicit-any

/workspace/shadcn-ui/src/components/ui/textarea.tsx
  5:18  error  An interface declaring no members is equivalent to its supertype  @typescript-eslint/no-empty-object-type

✖ 3 problems (3 errors, 0 warnings)

 ELIFECYCLE  Command failed with exit code 1.
